08:55:45  ccnEvaluation         INFO     ccnEvaluation prediction pipeline started
08:55:45  ccnEvaluation         INFO       CSV:           /srv/beegfs/scratch/shares/schaerm/schaer2/video_sam2_pose/humanLISBET-paper/dataset/info/child_for_humanlisbet_paper_with_paths_020326.csv
08:55:45  ccnEvaluation         INFO       Pose (train):  /srv/beegfs/scratch/shares/schaerm/schaer2/video_sam2_pose/humanLISBET-paper/dataset/pose_ready/train
08:55:45  ccnEvaluation         INFO       Pose (test):   /srv/beegfs/scratch/shares/schaerm/schaer2/video_sam2_pose/humanLISBET-paper/dataset/pose_ready/test
08:55:45  ccnEvaluation         INFO       Output:        /srv/beegfs/scratch/shares/schaerm/schaer2/video_sam2_pose/humanLISBET-paper/ccnEvaluation/results
08:55:45  ccnEvaluation         INFO     ═══ Step 1: Feature extraction ═══
08:55:46  ccnEvaluation.src.loading  INFO     Clinical CSV: 119 subjects with ASD/TD diagnosis
08:55:47  ccnEvaluation.src.loading  INFO     Found 2974 segment directories in /srv/beegfs/scratch/shares/schaerm/schaer2/video_sam2_pose/humanLISBET-paper/dataset/pose_ready/train
08:55:47  ccnEvaluation.src.loading  INFO     Grouped into 102 video/subject IDs
08:55:47  ccnEvaluation.src.loading  INFO     Computing features for 102 subjects (n_jobs=16) …
Computing features:   0%|          | 0/102 [00:00<?, ?it/s]Computing features:  31%|███▏      | 32/102 [00:25<00:56,  1.24it/s]/srv/beegfs/scratch/shares/schaerm/schaer2/video_sam2_pose/humanLISBET-paper/ccnEvaluation/src/loading.py:90: RuntimeWarning: Precision loss occurred in moment calculation due to catastrophic cancellation. This occurs when the data are nearly identical. Results may be unreliable.
  skewness = float(scipy_stats.skew(valid_wins, bias=False))
/srv/beegfs/scratch/shares/schaerm/schaer2/video_sam2_pose/humanLISBET-paper/ccnEvaluation/src/loading.py:91: RuntimeWarning: Precision loss occurred in moment calculation due to catastrophic cancellation. This occurs when the data are nearly identical. Results may be unreliable.
  kurtosis = float(scipy_stats.kurtosis(valid_wins, bias=False))
Computing features:  47%|████▋     | 48/102 [01:23<01:46,  1.97s/it]Computing features:  48%|████▊     | 49/102 [01:24<01:41,  1.92s/it]Computing features:  63%|██████▎   | 64/102 [02:00<01:21,  2.13s/it]/srv/beegfs/scratch/shares/schaerm/schaer2/video_sam2_pose/humanLISBET-paper/ccnEvaluation/src/loading.py:90: RuntimeWarning: Precision loss occurred in moment calculation due to catastrophic cancellation. This occurs when the data are nearly identical. Results may be unreliable.
  skewness = float(scipy_stats.skew(valid_wins, bias=False))
/srv/beegfs/scratch/shares/schaerm/schaer2/video_sam2_pose/humanLISBET-paper/ccnEvaluation/src/loading.py:91: RuntimeWarning: Precision loss occurred in moment calculation due to catastrophic cancellation. This occurs when the data are nearly identical. Results may be unreliable.
  kurtosis = float(scipy_stats.kurtosis(valid_wins, bias=False))
Computing features:  78%|███████▊  | 80/102 [02:35<00:47,  2.17s/it]Computing features:  94%|█████████▍| 96/102 [03:05<00:12,  2.07s/it]Computing features:  95%|█████████▌| 97/102 [03:06<00:10,  2.01s/it]Computing features: 100%|██████████| 102/102 [03:06<00:00,  1.83s/it]
09:00:29  ccnEvaluation.src.loading  INFO     Feature matrix: 102 subjects × 563 feature columns
09:00:29  ccnEvaluation.src.loading  INFO     Clinical CSV: 119 subjects with ASD/TD diagnosis
09:00:30  ccnEvaluation.src.loading  INFO     Found 452 segment directories in /srv/beegfs/scratch/shares/schaerm/schaer2/video_sam2_pose/humanLISBET-paper/dataset/pose_ready/test
09:00:30  ccnEvaluation.src.loading  INFO     Grouped into 17 video/subject IDs
09:00:30  ccnEvaluation.src.loading  INFO     Computing features for 17 subjects (n_jobs=16) …
Computing features:   0%|          | 0/17 [00:00<?, ?it/s]Computing features: 100%|██████████| 17/17 [00:00<00:00, 21679.28it/s]
/srv/beegfs/scratch/shares/schaerm/schaer2/video_sam2_pose/humanLISBET-paper/ccnEvaluation/src/loading.py:90: RuntimeWarning: Precision loss occurred in moment calculation due to catastrophic cancellation. This occurs when the data are nearly identical. Results may be unreliable.
  skewness = float(scipy_stats.skew(valid_wins, bias=False))
/srv/beegfs/scratch/shares/schaerm/schaer2/video_sam2_pose/humanLISBET-paper/ccnEvaluation/src/loading.py:91: RuntimeWarning: Precision loss occurred in moment calculation due to catastrophic cancellation. This occurs when the data are nearly identical. Results may be unreliable.
  kurtosis = float(scipy_stats.kurtosis(valid_wins, bias=False))
09:01:40  ccnEvaluation.src.loading  INFO     Feature matrix: 17 subjects × 563 feature columns
09:01:40  ccnEvaluation         INFO       Train: 102 × 574 features
09:01:40  ccnEvaluation         INFO       Test:  17 × 574 features
09:01:40  ccnEvaluation         INFO     Skipping embedding representation (--skip-embedding)
09:01:40  ccnEvaluation         INFO     ═══ Representation: motor_only ═══
09:01:40  ccnEvaluation         INFO       Features for motor_only: 508 columns
09:01:40  ccnEvaluation         INFO     ═══ Step 2: Preprocessing report ═══
Traceback (most recent call last):
  File "<frozen runpy>", line 198, in _run_module_as_main
  File "<frozen runpy>", line 88, in _run_code
  File "/srv/beegfs/scratch/shares/schaerm/schaer2/video_sam2_pose/humanLISBET-paper/ccnEvaluation/src/run_pipeline.py", line 387, in <module>
    main()
  File "/srv/beegfs/scratch/shares/schaerm/schaer2/video_sam2_pose/humanLISBET-paper/ccnEvaluation/src/run_pipeline.py", line 338, in main
    _step2_preprocessing_report(df_train, feature_cols, rep_out)
  File "/srv/beegfs/scratch/shares/schaerm/schaer2/video_sam2_pose/humanLISBET-paper/ccnEvaluation/src/run_pipeline.py", line 160, in _step2_preprocessing_report
    generate_feature_selection_report(X, output_dir, feature_cols)
  File "/srv/beegfs/scratch/shares/schaerm/schaer2/video_sam2_pose/humanLISBET-paper/ccnEvaluation/src/preprocessing.py", line 323, in generate_feature_selection_report
    feature_names = np.array(X.columns.tolist())
                             ^^^^^^^^^
AttributeError: 'numpy.ndarray' object has no attribute 'columns'
SLURM job 7254310 finished with exit code 1
