Array task 0: --stats mean,std → /srv/beegfs/scratch/shares/schaerm/schaer2/video_sam2_pose/humanLISBET-paper/ccnEvaluation/results_stats_basic
16:07:59  ccnEvaluation         INFO     ccnEvaluation prediction pipeline started
16:07:59  ccnEvaluation         INFO       CSV:           /srv/beegfs/scratch/shares/schaerm/schaer2/video_sam2_pose/humanLISBET-paper/dataset/info/child_for_humanlisbet_paper_with_paths_020326.csv
16:07:59  ccnEvaluation         INFO       Pose (train):  /srv/beegfs/scratch/shares/schaerm/schaer2/video_sam2_pose/humanLISBET-paper/dataset/pose_ready/train
16:07:59  ccnEvaluation         INFO       Pose (test):   /srv/beegfs/scratch/shares/schaerm/schaer2/video_sam2_pose/humanLISBET-paper/dataset/pose_ready/test
16:07:59  ccnEvaluation         INFO       Output:        /srv/beegfs/scratch/shares/schaerm/schaer2/video_sam2_pose/humanLISBET-paper/ccnEvaluation/results_stats_basic
16:07:59  ccnEvaluation         INFO     ═══ Step 1: Feature extraction ═══
16:07:59  ccnEvaluation         INFO     Selected statistics: ['mean', 'std']
16:07:59  ccnEvaluation.src.loading  INFO     Clinical CSV: 119 subjects with ASD/TD diagnosis
16:08:01  ccnEvaluation.src.loading  INFO     Found 2974 segment directories in /srv/beegfs/scratch/shares/schaerm/schaer2/video_sam2_pose/humanLISBET-paper/dataset/pose_ready/train
16:08:01  ccnEvaluation.src.loading  INFO     Grouped into 102 video/subject IDs:
16:08:01  ccnEvaluation.src.loading  INFO       7797_T1a_ADOS1: 6 segment(s)
16:08:01  ccnEvaluation.src.loading  INFO       7892_T2a_ADOS: 34 segment(s)
16:08:01  ccnEvaluation.src.loading  INFO       7947_T1a_ADOS: 18 segment(s)
16:08:01  ccnEvaluation.src.loading  INFO       7953_T1a_ADOS: 18 segment(s)
16:08:01  ccnEvaluation.src.loading  INFO       7954_T2a_ADOS: 19 segment(s)
16:08:01  ccnEvaluation.src.loading  INFO       7965_T2a_ADOS: 33 segment(s)
16:08:01  ccnEvaluation.src.loading  INFO       7978_T1a_ADOS: 33 segment(s)
16:08:01  ccnEvaluation.src.loading  INFO       8002_T3_ADOS_scaled: 3 segment(s)
16:08:01  ccnEvaluation.src.loading  INFO       8017_BB_12_15m_ADOS: 28 segment(s)
16:08:01  ccnEvaluation.src.loading  INFO       8018_T1a_ADOS: 20 segment(s)
16:08:01  ccnEvaluation.src.loading  INFO       8019_T1a_ADOS: 16 segment(s)
16:08:01  ccnEvaluation.src.loading  INFO       8031_T1a_ADOS_noncompressed: 34 segment(s)
16:08:01  ccnEvaluation.src.loading  INFO       8042_T2a_ADOS: 35 segment(s)
16:08:01  ccnEvaluation.src.loading  INFO       8046_T2a_ADOS_compressed: 25 segment(s)
16:08:01  ccnEvaluation.src.loading  INFO       8054_ADOS_T2a: 33 segment(s)
16:08:01  ccnEvaluation.src.loading  INFO       8072_T1a_ADOS: 21 segment(s)
16:08:01  ccnEvaluation.src.loading  INFO       8073_T1a_ADOS_compressed: 22 segment(s)
16:08:01  ccnEvaluation.src.loading  INFO       8090_T2a_ADOS: 27 segment(s)
16:08:01  ccnEvaluation.src.loading  INFO       8100_T2a_ADOS: 12 segment(s)
16:08:01  ccnEvaluation.src.loading  INFO       8101_T2a_ADOS: 31 segment(s)
16:08:01  ccnEvaluation.src.loading  INFO       8104_T2a_ADOS: 33 segment(s)
16:08:01  ccnEvaluation.src.loading  INFO       8121_T2a_ADOS_M1_compressed: 45 segment(s)
16:08:01  ccnEvaluation.src.loading  INFO       8137_T2a_ADOS_compressed: 31 segment(s)
16:08:01  ccnEvaluation.src.loading  INFO       8141_T1a_ADOS: 44 segment(s)
16:08:01  ccnEvaluation.src.loading  INFO       8149_T1a_ADOS_noncompressed: 24 segment(s)
16:08:01  ccnEvaluation.src.loading  INFO       8154_T1a_ADOS: 41 segment(s)
16:08:01  ccnEvaluation.src.loading  INFO       8156_T1a_ADOS: 26 segment(s)
16:08:01  ccnEvaluation.src.loading  INFO       8157_T1a_ADOS: 25 segment(s)
16:08:01  ccnEvaluation.src.loading  INFO       8158_T1a_ADOS_compressed: 54 segment(s)
16:08:01  ccnEvaluation.src.loading  INFO       8165_BB_18-21m_ADOS_compressed: 38 segment(s)
16:08:01  ccnEvaluation.src.loading  INFO       8183_T2a_ADOS: 35 segment(s)
16:08:01  ccnEvaluation.src.loading  INFO       8185_T1a_ADOS: 17 segment(s)
16:08:01  ccnEvaluation.src.loading  INFO       8188_T1a_ADOS: 30 segment(s)
16:08:01  ccnEvaluation.src.loading  INFO       8200_T1a_ADOS_compressed_2: 34 segment(s)
16:08:01  ccnEvaluation.src.loading  INFO       8204_T1a_ADOS_noncompressed: 22 segment(s)
16:08:01  ccnEvaluation.src.loading  INFO       8207_T1a_ADOS: 20 segment(s)
16:08:01  ccnEvaluation.src.loading  INFO       8212_T1a_ADOS: 8 segment(s)
16:08:01  ccnEvaluation.src.loading  INFO       8216_T1a_ADOS_uncompressed: 28 segment(s)
16:08:01  ccnEvaluation.src.loading  INFO       8222_T1a_ADOS_compressed: 35 segment(s)
16:08:01  ccnEvaluation.src.loading  INFO       8244_T1a_ADOS: 25 segment(s)
16:08:01  ccnEvaluation.src.loading  INFO       8252_BB_18-21m_ADOS_Compressed: 29 segment(s)
16:08:01  ccnEvaluation.src.loading  INFO       8264_T1a_ADOS_MT: 14 segment(s)
16:08:01  ccnEvaluation.src.loading  INFO       8288_BB_18-21m_ADOS_compressed: 8 segment(s)
16:08:01  ccnEvaluation.src.loading  INFO       8294_T1a_CCSA_ADOS: 19 segment(s)
16:08:01  ccnEvaluation.src.loading  INFO       8295_T1a_ADOS_compressed: 40 segment(s)
16:08:01  ccnEvaluation.src.loading  INFO       8296_BB_15-18m: 32 segment(s)
16:08:01  ccnEvaluation.src.loading  INFO       8297_T1a_ADOS: 43 segment(s)
16:08:01  ccnEvaluation.src.loading  INFO       8298_T2a_ADOS: 15 segment(s)
16:08:01  ccnEvaluation.src.loading  INFO       8299_T1a_ADOS: 31 segment(s)
16:08:01  ccnEvaluation.src.loading  INFO       8300_T1a_ADOS_compressed: 18 segment(s)
16:08:01  ccnEvaluation.src.loading  INFO       8301_T1a_ADOS_Incomplete: 26 segment(s)
16:08:01  ccnEvaluation.src.loading  INFO       8306_T1a_ADOS_CCSA: 44 segment(s)
16:08:01  ccnEvaluation.src.loading  INFO       8307_T1a_ADOS_compressed: 36 segment(s)
16:08:01  ccnEvaluation.src.loading  INFO       8310_T1a_ADOS_noncompressed: 33 segment(s)
16:08:01  ccnEvaluation.src.loading  INFO       8324_T2a_ADOS_Noncompressed: 11 segment(s)
16:08:01  ccnEvaluation.src.loading  INFO       8334_T1a_ADOS: 40 segment(s)
16:08:01  ccnEvaluation.src.loading  INFO       8350_T1a_ADOS: 29 segment(s)
16:08:01  ccnEvaluation.src.loading  INFO       8355_T1a_ADOS: 20 segment(s)
16:08:01  ccnEvaluation.src.loading  INFO       8359_T1a_ADOS: 25 segment(s)
16:08:01  ccnEvaluation.src.loading  INFO       8360_T1a_ADOS: 21 segment(s)
16:08:01  ccnEvaluation.src.loading  INFO       8372_T1a_ADOS_compressed: 29 segment(s)
16:08:01  ccnEvaluation.src.loading  INFO       8385_T1a_ADOS_noncompressed: 14 segment(s)
16:08:01  ccnEvaluation.src.loading  INFO       8387_T1a_ADOS: 27 segment(s)
16:08:01  ccnEvaluation.src.loading  INFO       8404_T1a_ADOS_NotCompressed: 35 segment(s)
16:08:01  ccnEvaluation.src.loading  INFO       8420_T1a_ADOS: 40 segment(s)
16:08:01  ccnEvaluation.src.loading  INFO       8434_T1a_ADOS: 58 segment(s)
16:08:01  ccnEvaluation.src.loading  INFO       8454_T1a_ADOS_NonCompressed: 30 segment(s)
16:08:01  ccnEvaluation.src.loading  INFO       8455_T1a_ADOS_Noncompressed: 26 segment(s)
16:08:01  ccnEvaluation.src.loading  INFO       8462_T1a_ADOS: 25 segment(s)
16:08:01  ccnEvaluation.src.loading  INFO       8488_T1a_ADOS: 23 segment(s)
16:08:01  ccnEvaluation.src.loading  INFO       8492_T1a_ADOS_NonCompressed: 20 segment(s)
16:08:01  ccnEvaluation.src.loading  INFO       8529_T1a_ADOS_Noncompressed: 37 segment(s)
16:08:01  ccnEvaluation.src.loading  INFO       8561_T1a_ADOS: 26 segment(s)
16:08:01  ccnEvaluation.src.loading  INFO       8577_T1a_ADOS: 30 segment(s)
16:08:01  ccnEvaluation.src.loading  INFO       V001: 30 segment(s)
16:08:01  ccnEvaluation.src.loading  INFO       V002: 34 segment(s)
16:08:01  ccnEvaluation.src.loading  INFO       V003: 23 segment(s)
16:08:01  ccnEvaluation.src.loading  INFO       V004: 22 segment(s)
16:08:01  ccnEvaluation.src.loading  INFO       V005: 24 segment(s)
16:08:01  ccnEvaluation.src.loading  INFO       V007: 28 segment(s)
16:08:01  ccnEvaluation.src.loading  INFO       V008: 35 segment(s)
16:08:01  ccnEvaluation.src.loading  INFO       V009: 22 segment(s)
16:08:01  ccnEvaluation.src.loading  INFO       V010: 30 segment(s)
16:08:01  ccnEvaluation.src.loading  INFO       V011: 46 segment(s)
16:08:01  ccnEvaluation.src.loading  INFO       V012: 37 segment(s)
16:08:01  ccnEvaluation.src.loading  INFO       V013: 35 segment(s)
16:08:01  ccnEvaluation.src.loading  INFO       V014: 34 segment(s)
16:08:01  ccnEvaluation.src.loading  INFO       V015: 14 segment(s)
16:08:01  ccnEvaluation.src.loading  INFO       V016: 35 segment(s)
16:08:01  ccnEvaluation.src.loading  INFO       V017: 25 segment(s)
16:08:01  ccnEvaluation.src.loading  INFO       V018: 51 segment(s)
16:08:01  ccnEvaluation.src.loading  INFO       V019: 38 segment(s)
16:08:01  ccnEvaluation.src.loading  INFO       V020: 39 segment(s)
16:08:01  ccnEvaluation.src.loading  INFO       V021: 51 segment(s)
16:08:01  ccnEvaluation.src.loading  INFO       V022: 37 segment(s)
16:08:01  ccnEvaluation.src.loading  INFO       V023: 41 segment(s)
16:08:01  ccnEvaluation.src.loading  INFO       V024: 19 segment(s)
16:08:01  ccnEvaluation.src.loading  INFO       V025: 35 segment(s)
16:08:01  ccnEvaluation.src.loading  INFO       V026: 44 segment(s)
16:08:01  ccnEvaluation.src.loading  INFO       V027: 34 segment(s)
16:08:01  ccnEvaluation.src.loading  INFO       V028: 34 segment(s)
16:08:01  ccnEvaluation.src.loading  INFO       V029: 40 segment(s)
16:08:01  ccnEvaluation.src.loading  INFO     Computing features for 102 subjects (n_jobs=16) …
Computing features:   0%|          | 0/102 [00:00<?, ?it/s]Computing features:  31%|███▏      | 32/102 [00:22<00:50,  1.39it/s]/srv/beegfs/scratch/shares/schaerm/schaer2/video_sam2_pose/humanLISBET-paper/ccnEvaluation/src/loading.py:114: RuntimeWarning: Precision loss occurred in moment calculation due to catastrophic cancellation. This occurs when the data are nearly identical. Results may be unreliable.
  skewness = float(scipy_stats.skew(valid_wins, bias=False))
/srv/beegfs/scratch/shares/schaerm/schaer2/video_sam2_pose/humanLISBET-paper/ccnEvaluation/src/loading.py:115: RuntimeWarning: Precision loss occurred in moment calculation due to catastrophic cancellation. This occurs when the data are nearly identical. Results may be unreliable.
  kurtosis = float(scipy_stats.kurtosis(valid_wins, bias=False))
Computing features:  47%|████▋     | 48/102 [01:35<02:04,  2.31s/it]Computing features:  63%|██████▎   | 64/102 [02:32<01:45,  2.78s/it]Computing features:  64%|██████▎   | 65/102 [02:33<01:40,  2.71s/it]/srv/beegfs/scratch/shares/schaerm/schaer2/video_sam2_pose/humanLISBET-paper/ccnEvaluation/src/loading.py:114: RuntimeWarning: Precision loss occurred in moment calculation due to catastrophic cancellation. This occurs when the data are nearly identical. Results may be unreliable.
  skewness = float(scipy_stats.skew(valid_wins, bias=False))
/srv/beegfs/scratch/shares/schaerm/schaer2/video_sam2_pose/humanLISBET-paper/ccnEvaluation/src/loading.py:115: RuntimeWarning: Precision loss occurred in moment calculation due to catastrophic cancellation. This occurs when the data are nearly identical. Results may be unreliable.
  kurtosis = float(scipy_stats.kurtosis(valid_wins, bias=False))
Computing features:  78%|███████▊  | 80/102 [03:15<01:00,  2.75s/it]Computing features:  94%|█████████▍| 96/102 [04:02<00:16,  2.82s/it]Computing features:  95%|█████████▌| 97/102 [04:02<00:13,  2.74s/it]Computing features: 100%|██████████| 102/102 [04:02<00:00,  2.38s/it]
16:14:14  ccnEvaluation.src.loading  INFO     Tukey clipping summary (kinematic): mean=5.63%, max=29.84% across 51 metrics
16:14:14  ccnEvaluation.src.loading  INFO     Feature matrix: 102 subjects × 104 feature columns
16:14:14  ccnEvaluation.src.loading  INFO     Clinical CSV: 119 subjects with ASD/TD diagnosis
16:14:14  ccnEvaluation.src.loading  INFO     Found 452 segment directories in /srv/beegfs/scratch/shares/schaerm/schaer2/video_sam2_pose/humanLISBET-paper/dataset/pose_ready/test
16:14:14  ccnEvaluation.src.loading  INFO     Grouped into 17 video/subject IDs:
16:14:14  ccnEvaluation.src.loading  INFO       7772_T2a_ADOS: 27 segment(s)
16:14:14  ccnEvaluation.src.loading  INFO       8029_T1a_ADOS: 35 segment(s)
16:14:14  ccnEvaluation.src.loading  INFO       8075_T2a_ADOS: 29 segment(s)
16:14:14  ccnEvaluation.src.loading  INFO       8117_T2a_ADOS: 21 segment(s)
16:14:14  ccnEvaluation.src.loading  INFO       8127_T1a_ADOS: 41 segment(s)
16:14:14  ccnEvaluation.src.loading  INFO       8146_T1a_ADOS: 6 segment(s)
16:14:14  ccnEvaluation.src.loading  INFO       8187_T2a_ADOS_M1: 25 segment(s)
16:14:14  ccnEvaluation.src.loading  INFO       8211_T1a_ADOS_compressed: 22 segment(s)
16:14:14  ccnEvaluation.src.loading  INFO       8225_T1a_ADOS: 22 segment(s)
16:14:14  ccnEvaluation.src.loading  INFO       8234_BB_18-21m_ADOS_compressed: 26 segment(s)
16:14:14  ccnEvaluation.src.loading  INFO       8249_T1a_ADOS: 12 segment(s)
16:14:14  ccnEvaluation.src.loading  INFO       8253_T1a_ADOS: 24 segment(s)
16:14:14  ccnEvaluation.src.loading  INFO       8256_T1a_ADOS: 33 segment(s)
16:14:14  ccnEvaluation.src.loading  INFO       8279_T1a_ADOS: 32 segment(s)
16:14:14  ccnEvaluation.src.loading  INFO       8311_T2a_ADOS: 30 segment(s)
16:14:14  ccnEvaluation.src.loading  INFO       8318_T1a_ADOS: 41 segment(s)
16:14:14  ccnEvaluation.src.loading  INFO       8378_T1a_ADOS: 26 segment(s)
16:14:14  ccnEvaluation.src.loading  INFO     Computing features for 17 subjects (n_jobs=16) …
Computing features:   0%|          | 0/17 [00:00<?, ?it/s]Computing features: 100%|██████████| 17/17 [00:00<00:00, 22020.74it/s]
/srv/beegfs/scratch/shares/schaerm/schaer2/video_sam2_pose/humanLISBET-paper/ccnEvaluation/src/loading.py:114: RuntimeWarning: Precision loss occurred in moment calculation due to catastrophic cancellation. This occurs when the data are nearly identical. Results may be unreliable.
  skewness = float(scipy_stats.skew(valid_wins, bias=False))
/srv/beegfs/scratch/shares/schaerm/schaer2/video_sam2_pose/humanLISBET-paper/ccnEvaluation/src/loading.py:115: RuntimeWarning: Precision loss occurred in moment calculation due to catastrophic cancellation. This occurs when the data are nearly identical. Results may be unreliable.
  kurtosis = float(scipy_stats.kurtosis(valid_wins, bias=False))
16:15:55  ccnEvaluation.src.loading  INFO     Tukey clipping summary (kinematic): mean=5.74%, max=40.74% across 51 metrics
16:15:55  ccnEvaluation.src.loading  INFO     Feature matrix: 17 subjects × 104 feature columns
16:15:55  ccnEvaluation         INFO       Train (kinematic): 102 × 115
16:15:55  ccnEvaluation         INFO       Test  (kinematic): 17 × 115
16:15:55  ccnEvaluation         INFO     ═══ Step 1b: Embedding feature extraction ═══
16:20:44  ccnEvaluation.src.loading  INFO     Tukey clipping summary (embedding): mean=0.08%, max=10.75% across 128 dims
16:20:44  ccnEvaluation.src.loading  INFO     Embedding DataFrame: 102 subjects × 256 embedding features
16:21:27  ccnEvaluation.src.loading  INFO     Tukey clipping summary (embedding): mean=0.12%, max=8.75% across 128 dims
16:21:27  ccnEvaluation.src.loading  INFO     Embedding DataFrame: 17 subjects × 256 embedding features
16:21:27  ccnEvaluation         INFO       Train (embedding): 102 × 267
16:21:27  ccnEvaluation         INFO       Test  (embedding): 17 × 267
16:21:27  ccnEvaluation         INFO     ═══ Representation: motor_only ═══
16:21:27  ccnEvaluation         INFO       Features for motor_only: 94 columns
16:21:27  ccnEvaluation         INFO     ═══ Step 2: Preprocessing report ═══
16:21:27  ccnEvaluation.src.preprocessing  INFO     Feature selection (full dataset): 94 features → 52 kept (0 missingness, 0 near-zero-var, 42 correlated)
16:21:27  ccnEvaluation.src.preprocessing  INFO     Feature selection report → /srv/beegfs/scratch/shares/schaerm/schaer2/video_sam2_pose/humanLISBET-paper/ccnEvaluation/results_stats_basic/motor_only/feature_selection_report.csv
16:21:28  ccnEvaluation.src.preprocessing  INFO     PCA explained-variance data → /srv/beegfs/scratch/shares/schaerm/schaer2/video_sam2_pose/humanLISBET-paper/ccnEvaluation/results_stats_basic/motor_only/pca_explained_variance.csv
16:21:28  ccnEvaluation.src.preprocessing  INFO     PCA explained-variance plot → /srv/beegfs/scratch/shares/schaerm/schaer2/video_sam2_pose/humanLISBET-paper/ccnEvaluation/results_stats_basic/motor_only/pca_explained_variance.png
16:21:28  ccnEvaluation         INFO     ── CV for diagnosis (classification) ──
16:21:29  ccnEvaluation         INFO       X: (102, 94), y: (102,) (classes: [0 1])
16:21:32  ccnEvaluation.src.cross_validation  INFO     Classification CV: 2 models, 5×10 nested CV (50 total outer folds)
16:22:40  ccnEvaluation.src.cross_validation  INFO       Saved: predictions_per_subject.csv
16:22:40  ccnEvaluation.src.cross_validation  INFO       CV results: 100 rows → /srv/beegfs/scratch/shares/schaerm/schaer2/video_sam2_pose/humanLISBET-paper/ccnEvaluation/results_stats_basic/motor_only/classification/diagnosis/cv_results.csv
16:22:40  ccnEvaluation.src.cross_validation  INFO     
── Classification AUC-ROC summary (diagnosis) ──
model  auc_mean  auc_std
lasso  0.759516 0.113047
 lgbm  0.740882 0.095953
16:22:40  ccnEvaluation         INFO     ── Held-out for diagnosis (classification | motor_only) ──
16:22:40  ccnEvaluation.src.held_out  INFO     Best classification model: lasso (AUC=0.7595 ± 0.1130)
16:22:40  ccnEvaluation.src.held_out  INFO     Held-out classification (motor_only | diagnosis): model=lasso AUC=0.829 BAcc=0.779 Acc=0.765 [0.501, 0.932]
16:22:51  ccnEvaluation.src.plotting  INFO       Saved: shap_bar_top20.png and shap_beeswarm_top20.png
16:22:51  ccnEvaluation.src.held_out  INFO     SHAP saved → /srv/beegfs/scratch/shares/schaerm/schaer2/video_sam2_pose/humanLISBET-paper/ccnEvaluation/results_stats_basic/motor_only/held_out/classification/diagnosis/shap
16:22:51  ccnEvaluation         INFO     ── CV for ADOS_G_ADOS_2_TOTAL_score_de_severite (regression) ──
16:22:51  ccnEvaluation         INFO       X: (102, 94), y: (102,) (classes: [ 1.  2.  3.  4.  5.  6.  7.  8.  9. 10.])
16:22:51  ccnEvaluation.src.cross_validation  INFO     Regression CV: 2 models, 5×10 nested CV (50 total outer folds)
16:23:24  ccnEvaluation.src.cross_validation  INFO       Saved: predictions_per_subject.csv
16:23:24  ccnEvaluation.src.cross_validation  INFO       CV results: 100 rows → /srv/beegfs/scratch/shares/schaerm/schaer2/video_sam2_pose/humanLISBET-paper/ccnEvaluation/results_stats_basic/motor_only/regression/ADOS_G_ADOS_2_TOTAL_score_de_severite/cv_results.csv
16:23:24  ccnEvaluation.src.cross_validation  INFO     
── Regression summary (ADOS_G_ADOS_2_TOTAL_score_de_severite) ──
model     rmse       r2  spearman_r
lasso 2.956517 0.206919    0.548804
 lgbm 2.901812 0.231140    0.534455
16:23:24  ccnEvaluation         INFO     ── Held-out for ADOS_G_ADOS_2_TOTAL_score_de_severite (regression | motor_only) ──
16:23:24  ccnEvaluation.src.held_out  INFO     Best regression model: lgbm (RMSE=2.9018 ± 0.4207)
16:23:25  ccnEvaluation.src.held_out  INFO     Held-out regression (motor_only | ADOS_G_ADOS_2_TOTAL_score_de_severite): model=lgbm RMSE=3.328 [2.096, 4.497] R²=0.099 [-0.719, 0.623] ρ=0.444
16:23:28  ccnEvaluation.src.plotting  INFO       Saved: shap_bar_top20.png and shap_beeswarm_top20.png
16:23:28  ccnEvaluation.src.held_out  INFO     SHAP saved → /srv/beegfs/scratch/shares/schaerm/schaer2/video_sam2_pose/humanLISBET-paper/ccnEvaluation/results_stats_basic/motor_only/held_out/regression/ADOS_G_ADOS_2_TOTAL_score_de_severite/shap
16:23:28  ccnEvaluation         INFO     ── CV for ADOS_2_ADOS_G_REVISED_SA_SEVERITY_SCORE (regression) ──
16:23:28  ccnEvaluation         INFO       X: (102, 94), y: (102,) (classes: [ 1.  2.  3.  4.  5.  6.  7.  9. 10.])
16:23:28  ccnEvaluation.src.cross_validation  INFO     Regression CV: 2 models, 5×10 nested CV (50 total outer folds)
16:24:01  ccnEvaluation.src.cross_validation  INFO       Saved: predictions_per_subject.csv
16:24:01  ccnEvaluation.src.cross_validation  INFO       CV results: 100 rows → /srv/beegfs/scratch/shares/schaerm/schaer2/video_sam2_pose/humanLISBET-paper/ccnEvaluation/results_stats_basic/motor_only/regression/ADOS_2_ADOS_G_REVISED_SA_SEVERITY_SCORE/cv_results.csv
16:24:01  ccnEvaluation.src.cross_validation  INFO     
── Regression summary (ADOS_2_ADOS_G_REVISED_SA_SEVERITY_SCORE) ──
model     rmse       r2  spearman_r
lasso 2.758339 0.185553    0.481840
 lgbm 2.698900 0.214513    0.472979
16:24:01  ccnEvaluation         INFO     ── Held-out for ADOS_2_ADOS_G_REVISED_SA_SEVERITY_SCORE (regression | motor_only) ──
16:24:01  ccnEvaluation.src.held_out  INFO     Best regression model: lgbm (RMSE=2.6989 ± 0.3410)
16:24:03  ccnEvaluation.src.held_out  INFO     Held-out regression (motor_only | ADOS_2_ADOS_G_REVISED_SA_SEVERITY_SCORE): model=lgbm RMSE=3.173 [1.970, 4.233] R²=-0.223 [-1.292, 0.387] ρ=0.341
16:24:06  ccnEvaluation.src.plotting  INFO       Saved: shap_bar_top20.png and shap_beeswarm_top20.png
16:24:06  ccnEvaluation.src.held_out  INFO     SHAP saved → /srv/beegfs/scratch/shares/schaerm/schaer2/video_sam2_pose/humanLISBET-paper/ccnEvaluation/results_stats_basic/motor_only/held_out/regression/ADOS_2_ADOS_G_REVISED_SA_SEVERITY_SCORE/shap
16:24:06  ccnEvaluation         INFO     ── CV for ADOS_2_ADOS_G_REVISED_RRB_SEVERITY_SCORE_new (regression) ──
16:24:06  ccnEvaluation         INFO       X: (102, 94), y: (102,) (classes: [ 1.  5.  6.  7.  8.  9. 10.])
16:24:06  ccnEvaluation.src.cross_validation  INFO     Regression CV: 2 models, 5×10 nested CV (50 total outer folds)
16:24:40  ccnEvaluation.src.cross_validation  INFO       Saved: predictions_per_subject.csv
16:24:40  ccnEvaluation.src.cross_validation  INFO       CV results: 100 rows → /srv/beegfs/scratch/shares/schaerm/schaer2/video_sam2_pose/humanLISBET-paper/ccnEvaluation/results_stats_basic/motor_only/regression/ADOS_2_ADOS_G_REVISED_RRB_SEVERITY_SCORE_new/cv_results.csv
16:24:40  ccnEvaluation.src.cross_validation  INFO     
── Regression summary (ADOS_2_ADOS_G_REVISED_RRB_SEVERITY_SCORE_new) ──
model     rmse       r2  spearman_r
lasso 2.748647 0.227977    0.557004
 lgbm 3.032332 0.058074    0.441091
16:24:40  ccnEvaluation         INFO     ── Held-out for ADOS_2_ADOS_G_REVISED_RRB_SEVERITY_SCORE_new (regression | motor_only) ──
16:24:40  ccnEvaluation.src.held_out  INFO     Best regression model: lasso (RMSE=2.7486 ± 0.3783)
16:24:41  ccnEvaluation.src.held_out  INFO     Held-out regression (motor_only | ADOS_2_ADOS_G_REVISED_RRB_SEVERITY_SCORE_new): model=lasso RMSE=2.925 [2.155, 3.592] R²=0.396 [-0.061, 0.591] ρ=0.633
16:24:44  ccnEvaluation.src.plotting  INFO       Saved: shap_bar_top20.png and shap_beeswarm_top20.png
16:24:44  ccnEvaluation.src.held_out  INFO     SHAP saved → /srv/beegfs/scratch/shares/schaerm/schaer2/video_sam2_pose/humanLISBET-paper/ccnEvaluation/results_stats_basic/motor_only/held_out/regression/ADOS_2_ADOS_G_REVISED_RRB_SEVERITY_SCORE_new/shap
16:24:44  ccnEvaluation         INFO     ═══ Representation: full_kinematic ═══
16:24:44  ccnEvaluation         INFO       Features for full_kinematic: 104 columns
16:24:44  ccnEvaluation         INFO     ═══ Step 2: Preprocessing report ═══
16:24:44  ccnEvaluation.src.preprocessing  INFO     Feature selection (full dataset): 104 features → 62 kept (0 missingness, 0 near-zero-var, 42 correlated)
16:24:44  ccnEvaluation.src.preprocessing  INFO     Feature selection report → /srv/beegfs/scratch/shares/schaerm/schaer2/video_sam2_pose/humanLISBET-paper/ccnEvaluation/results_stats_basic/full_kinematic/feature_selection_report.csv
16:24:44  ccnEvaluation.src.preprocessing  INFO     PCA explained-variance data → /srv/beegfs/scratch/shares/schaerm/schaer2/video_sam2_pose/humanLISBET-paper/ccnEvaluation/results_stats_basic/full_kinematic/pca_explained_variance.csv
16:24:45  ccnEvaluation.src.preprocessing  INFO     PCA explained-variance plot → /srv/beegfs/scratch/shares/schaerm/schaer2/video_sam2_pose/humanLISBET-paper/ccnEvaluation/results_stats_basic/full_kinematic/pca_explained_variance.png
16:24:45  ccnEvaluation         INFO     ── CV for diagnosis (classification) ──
16:24:45  ccnEvaluation         INFO       X: (102, 104), y: (102,) (classes: [0 1])
16:24:45  ccnEvaluation.src.cross_validation  INFO     Classification CV: 2 models, 5×10 nested CV (50 total outer folds)
16:25:29  ccnEvaluation.src.cross_validation  INFO       Saved: predictions_per_subject.csv
16:25:29  ccnEvaluation.src.cross_validation  INFO       CV results: 100 rows → /srv/beegfs/scratch/shares/schaerm/schaer2/video_sam2_pose/humanLISBET-paper/ccnEvaluation/results_stats_basic/full_kinematic/classification/diagnosis/cv_results.csv
16:25:29  ccnEvaluation.src.cross_validation  INFO     
── Classification AUC-ROC summary (diagnosis) ──
model  auc_mean  auc_std
lasso  0.772072 0.113434
 lgbm  0.742962 0.100278
16:25:29  ccnEvaluation         INFO     ── Held-out for diagnosis (classification | full_kinematic) ──
16:25:29  ccnEvaluation.src.held_out  INFO     Best classification model: lasso (AUC=0.7721 ± 0.1134)
16:25:29  ccnEvaluation.src.held_out  INFO     Held-out classification (full_kinematic | diagnosis): model=lasso AUC=0.914 BAcc=0.829 Acc=0.824 [0.566, 0.962]
16:25:35  ccnEvaluation.src.plotting  INFO       Saved: shap_bar_top20.png and shap_beeswarm_top20.png
16:25:35  ccnEvaluation.src.held_out  INFO     SHAP saved → /srv/beegfs/scratch/shares/schaerm/schaer2/video_sam2_pose/humanLISBET-paper/ccnEvaluation/results_stats_basic/full_kinematic/held_out/classification/diagnosis/shap
16:25:35  ccnEvaluation         INFO     ── CV for ADOS_G_ADOS_2_TOTAL_score_de_severite (regression) ──
16:25:35  ccnEvaluation         INFO       X: (102, 104), y: (102,) (classes: [ 1.  2.  3.  4.  5.  6.  7.  8.  9. 10.])
16:25:35  ccnEvaluation.src.cross_validation  INFO     Regression CV: 2 models, 5×10 nested CV (50 total outer folds)
16:26:10  ccnEvaluation.src.cross_validation  INFO       Saved: predictions_per_subject.csv
16:26:10  ccnEvaluation.src.cross_validation  INFO       CV results: 100 rows → /srv/beegfs/scratch/shares/schaerm/schaer2/video_sam2_pose/humanLISBET-paper/ccnEvaluation/results_stats_basic/full_kinematic/regression/ADOS_G_ADOS_2_TOTAL_score_de_severite/cv_results.csv
16:26:10  ccnEvaluation.src.cross_validation  INFO     
── Regression summary (ADOS_G_ADOS_2_TOTAL_score_de_severite) ──
model     rmse       r2  spearman_r
lasso 2.902468 0.236628    0.600850
 lgbm 2.855608 0.256942    0.569172
16:26:10  ccnEvaluation         INFO     ── Held-out for ADOS_G_ADOS_2_TOTAL_score_de_severite (regression | full_kinematic) ──
16:26:10  ccnEvaluation.src.held_out  INFO     Best regression model: lgbm (RMSE=2.8556 ± 0.3868)
16:26:11  ccnEvaluation.src.held_out  INFO     Held-out regression (full_kinematic | ADOS_G_ADOS_2_TOTAL_score_de_severite): model=lgbm RMSE=2.817 [1.963, 3.550] R²=0.354 [-0.067, 0.644] ρ=0.565
16:26:14  ccnEvaluation.src.plotting  INFO       Saved: shap_bar_top20.png and shap_beeswarm_top20.png
16:26:14  ccnEvaluation.src.held_out  INFO     SHAP saved → /srv/beegfs/scratch/shares/schaerm/schaer2/video_sam2_pose/humanLISBET-paper/ccnEvaluation/results_stats_basic/full_kinematic/held_out/regression/ADOS_G_ADOS_2_TOTAL_score_de_severite/shap
16:26:14  ccnEvaluation         INFO     ── CV for ADOS_2_ADOS_G_REVISED_SA_SEVERITY_SCORE (regression) ──
16:26:14  ccnEvaluation         INFO       X: (102, 104), y: (102,) (classes: [ 1.  2.  3.  4.  5.  6.  7.  9. 10.])
16:26:14  ccnEvaluation.src.cross_validation  INFO     Regression CV: 2 models, 5×10 nested CV (50 total outer folds)
16:26:50  ccnEvaluation.src.cross_validation  INFO       Saved: predictions_per_subject.csv
16:26:50  ccnEvaluation.src.cross_validation  INFO       CV results: 100 rows → /srv/beegfs/scratch/shares/schaerm/schaer2/video_sam2_pose/humanLISBET-paper/ccnEvaluation/results_stats_basic/full_kinematic/regression/ADOS_2_ADOS_G_REVISED_SA_SEVERITY_SCORE/cv_results.csv
16:26:50  ccnEvaluation.src.cross_validation  INFO     
── Regression summary (ADOS_2_ADOS_G_REVISED_SA_SEVERITY_SCORE) ──
model     rmse       r2  spearman_r
lasso 2.730340 0.198367    0.527768
 lgbm 2.694552 0.211133    0.501173
16:26:50  ccnEvaluation         INFO     ── Held-out for ADOS_2_ADOS_G_REVISED_SA_SEVERITY_SCORE (regression | full_kinematic) ──
16:26:50  ccnEvaluation.src.held_out  INFO     Best regression model: lgbm (RMSE=2.6946 ± 0.3617)
16:26:51  ccnEvaluation.src.held_out  INFO     Held-out regression (full_kinematic | ADOS_2_ADOS_G_REVISED_SA_SEVERITY_SCORE): model=lgbm RMSE=2.900 [1.694, 3.954] R²=-0.021 [-0.876, 0.560] ρ=0.466
16:26:54  ccnEvaluation.src.plotting  INFO       Saved: shap_bar_top20.png and shap_beeswarm_top20.png
16:26:54  ccnEvaluation.src.held_out  INFO     SHAP saved → /srv/beegfs/scratch/shares/schaerm/schaer2/video_sam2_pose/humanLISBET-paper/ccnEvaluation/results_stats_basic/full_kinematic/held_out/regression/ADOS_2_ADOS_G_REVISED_SA_SEVERITY_SCORE/shap
16:26:54  ccnEvaluation         INFO     ── CV for ADOS_2_ADOS_G_REVISED_RRB_SEVERITY_SCORE_new (regression) ──
16:26:54  ccnEvaluation         INFO       X: (102, 104), y: (102,) (classes: [ 1.  5.  6.  7.  8.  9. 10.])
16:26:54  ccnEvaluation.src.cross_validation  INFO     Regression CV: 2 models, 5×10 nested CV (50 total outer folds)
16:27:29  ccnEvaluation.src.cross_validation  INFO       Saved: predictions_per_subject.csv
16:27:29  ccnEvaluation.src.cross_validation  INFO       CV results: 100 rows → /srv/beegfs/scratch/shares/schaerm/schaer2/video_sam2_pose/humanLISBET-paper/ccnEvaluation/results_stats_basic/full_kinematic/regression/ADOS_2_ADOS_G_REVISED_RRB_SEVERITY_SCORE_new/cv_results.csv
16:27:29  ccnEvaluation.src.cross_validation  INFO     
── Regression summary (ADOS_2_ADOS_G_REVISED_RRB_SEVERITY_SCORE_new) ──
model     rmse       r2  spearman_r
lasso 2.798893 0.199965    0.540657
 lgbm 2.951226 0.102661    0.470914
16:27:29  ccnEvaluation         INFO     ── Held-out for ADOS_2_ADOS_G_REVISED_RRB_SEVERITY_SCORE_new (regression | full_kinematic) ──
16:27:29  ccnEvaluation.src.held_out  INFO     Best regression model: lasso (RMSE=2.7989 ± 0.3451)
16:27:30  ccnEvaluation.src.held_out  INFO     Held-out regression (full_kinematic | ADOS_2_ADOS_G_REVISED_RRB_SEVERITY_SCORE_new): model=lasso RMSE=2.921 [2.008, 3.708] R²=0.398 [-0.079, 0.656] ρ=0.655
16:27:33  ccnEvaluation.src.plotting  INFO       Saved: shap_bar_top20.png and shap_beeswarm_top20.png
16:27:33  ccnEvaluation.src.held_out  INFO     SHAP saved → /srv/beegfs/scratch/shares/schaerm/schaer2/video_sam2_pose/humanLISBET-paper/ccnEvaluation/results_stats_basic/full_kinematic/held_out/regression/ADOS_2_ADOS_G_REVISED_RRB_SEVERITY_SCORE_new/shap
16:27:33  ccnEvaluation         INFO     ═══ Representation: embedding ═══
16:27:33  ccnEvaluation         INFO       Features for embedding: 256 columns
16:27:33  ccnEvaluation         INFO     ═══ Step 2: Preprocessing report ═══
16:27:34  ccnEvaluation.src.preprocessing  INFO     Feature selection (full dataset): 256 features → 256 kept (0 missingness, 0 near-zero-var, 0 correlated)
16:27:34  ccnEvaluation.src.preprocessing  INFO     Feature selection report → /srv/beegfs/scratch/shares/schaerm/schaer2/video_sam2_pose/humanLISBET-paper/ccnEvaluation/results_stats_basic/embedding/feature_selection_report.csv
16:27:34  ccnEvaluation.src.preprocessing  INFO     PCA explained-variance data → /srv/beegfs/scratch/shares/schaerm/schaer2/video_sam2_pose/humanLISBET-paper/ccnEvaluation/results_stats_basic/embedding/pca_explained_variance.csv
16:27:35  ccnEvaluation.src.preprocessing  INFO     PCA explained-variance plot → /srv/beegfs/scratch/shares/schaerm/schaer2/video_sam2_pose/humanLISBET-paper/ccnEvaluation/results_stats_basic/embedding/pca_explained_variance.png
16:27:35  ccnEvaluation         INFO     ── CV for diagnosis (classification) ──
16:27:35  ccnEvaluation         INFO       X: (102, 256), y: (102,) (classes: [0 1])
16:27:35  ccnEvaluation.src.cross_validation  INFO     Classification CV: 2 models, 5×10 nested CV (50 total outer folds)
16:29:11  ccnEvaluation.src.cross_validation  INFO       Saved: predictions_per_subject.csv
16:29:11  ccnEvaluation.src.cross_validation  INFO       CV results: 100 rows → /srv/beegfs/scratch/shares/schaerm/schaer2/video_sam2_pose/humanLISBET-paper/ccnEvaluation/results_stats_basic/embedding/classification/diagnosis/cv_results.csv
16:29:11  ccnEvaluation.src.cross_validation  INFO     
── Classification AUC-ROC summary (diagnosis) ──
model  auc_mean  auc_std
lasso  0.747151 0.103611
 lgbm  0.774333 0.108676
16:29:11  ccnEvaluation         INFO     ── Held-out for diagnosis (classification | embedding) ──
16:29:11  ccnEvaluation.src.held_out  INFO     Best classification model: lgbm (AUC=0.7743 ± 0.1087)
16:29:12  ccnEvaluation.src.held_out  INFO     Held-out classification (embedding | diagnosis): model=lgbm AUC=0.629 BAcc=0.614 Acc=0.647 [0.383, 0.858]
16:29:12  ccnEvaluation         INFO     ── CV for ADOS_G_ADOS_2_TOTAL_score_de_severite (regression) ──
16:29:12  ccnEvaluation         INFO       X: (102, 256), y: (102,) (classes: [ 1.  2.  3.  4.  5.  6.  7.  8.  9. 10.])
16:29:12  ccnEvaluation.src.cross_validation  INFO     Regression CV: 2 models, 5×10 nested CV (50 total outer folds)
16:30:23  ccnEvaluation.src.cross_validation  INFO       Saved: predictions_per_subject.csv
16:30:23  ccnEvaluation.src.cross_validation  INFO       CV results: 100 rows → /srv/beegfs/scratch/shares/schaerm/schaer2/video_sam2_pose/humanLISBET-paper/ccnEvaluation/results_stats_basic/embedding/regression/ADOS_G_ADOS_2_TOTAL_score_de_severite/cv_results.csv
16:30:23  ccnEvaluation.src.cross_validation  INFO     
── Regression summary (ADOS_G_ADOS_2_TOTAL_score_de_severite) ──
model     rmse       r2  spearman_r
lasso 2.998097 0.191752    0.517032
 lgbm 3.009272 0.180769    0.476447
16:30:23  ccnEvaluation         INFO     ── Held-out for ADOS_G_ADOS_2_TOTAL_score_de_severite (regression | embedding) ──
16:30:23  ccnEvaluation.src.held_out  INFO     Best regression model: lasso (RMSE=2.9981 ± 0.2511)
16:30:24  ccnEvaluation.src.held_out  INFO     Held-out regression (embedding | ADOS_G_ADOS_2_TOTAL_score_de_severite): model=lasso RMSE=3.221 [2.428, 3.918] R²=0.156 [-0.226, 0.367] ρ=0.323
16:30:24  ccnEvaluation         INFO     ── CV for ADOS_2_ADOS_G_REVISED_SA_SEVERITY_SCORE (regression) ──
16:30:24  ccnEvaluation         INFO       X: (102, 256), y: (102,) (classes: [ 1.  2.  3.  4.  5.  6.  7.  9. 10.])
16:30:24  ccnEvaluation.src.cross_validation  INFO     Regression CV: 2 models, 5×10 nested CV (50 total outer folds)
16:31:34  ccnEvaluation.src.cross_validation  INFO       Saved: predictions_per_subject.csv
16:31:34  ccnEvaluation.src.cross_validation  INFO       CV results: 100 rows → /srv/beegfs/scratch/shares/schaerm/schaer2/video_sam2_pose/humanLISBET-paper/ccnEvaluation/results_stats_basic/embedding/regression/ADOS_2_ADOS_G_REVISED_SA_SEVERITY_SCORE/cv_results.csv
16:31:34  ccnEvaluation.src.cross_validation  INFO     
── Regression summary (ADOS_2_ADOS_G_REVISED_SA_SEVERITY_SCORE) ──
model     rmse       r2  spearman_r
lasso 2.876401 0.120299    0.419842
 lgbm 2.843566 0.133585    0.411829
16:31:34  ccnEvaluation         INFO     ── Held-out for ADOS_2_ADOS_G_REVISED_SA_SEVERITY_SCORE (regression | embedding) ──
16:31:34  ccnEvaluation.src.held_out  INFO     Best regression model: lgbm (RMSE=2.8436 ± 0.3063)
16:31:35  ccnEvaluation.src.held_out  INFO     Held-out regression (embedding | ADOS_2_ADOS_G_REVISED_SA_SEVERITY_SCORE): model=lgbm RMSE=2.574 [1.796, 3.262] R²=0.195 [-0.284, 0.461] ρ=0.559
16:31:35  ccnEvaluation         INFO     ── CV for ADOS_2_ADOS_G_REVISED_RRB_SEVERITY_SCORE_new (regression) ──
16:31:35  ccnEvaluation         INFO       X: (102, 256), y: (102,) (classes: [ 1.  5.  6.  7.  8.  9. 10.])
16:31:35  ccnEvaluation.src.cross_validation  INFO     Regression CV: 2 models, 5×10 nested CV (50 total outer folds)
16:32:46  ccnEvaluation.src.cross_validation  INFO       Saved: predictions_per_subject.csv
16:32:46  ccnEvaluation.src.cross_validation  INFO       CV results: 100 rows → /srv/beegfs/scratch/shares/schaerm/schaer2/video_sam2_pose/humanLISBET-paper/ccnEvaluation/results_stats_basic/embedding/regression/ADOS_2_ADOS_G_REVISED_RRB_SEVERITY_SCORE_new/cv_results.csv
16:32:47  ccnEvaluation.src.cross_validation  INFO     
── Regression summary (ADOS_2_ADOS_G_REVISED_RRB_SEVERITY_SCORE_new) ──
model     rmse       r2  spearman_r
lasso 2.928513 0.125278    0.564947
 lgbm 2.929140 0.110102    0.491001
16:32:47  ccnEvaluation         INFO     ── Held-out for ADOS_2_ADOS_G_REVISED_RRB_SEVERITY_SCORE_new (regression | embedding) ──
16:32:47  ccnEvaluation.src.held_out  INFO     Best regression model: lasso (RMSE=2.9285 ± 0.3577)
16:32:48  ccnEvaluation.src.held_out  INFO     Held-out regression (embedding | ADOS_2_ADOS_G_REVISED_RRB_SEVERITY_SCORE_new): model=lasso RMSE=3.435 [2.550, 4.291] R²=0.168 [-0.445, 0.484] ρ=0.206
16:32:48  ccnEvaluation         INFO     ═══ Step 5: Statistical comparison ═══
16:32:48  ccnEvaluation.src.comparison  INFO       embedding vs full_kinematic (diagnosis, auc_roc): W=588.5, p=0.8113 (p_corr=1.0000), r=0.039 
16:32:48  ccnEvaluation.src.comparison  INFO       embedding vs motor_only (diagnosis, auc_roc): W=568.0, p=0.5023 (p_corr=1.0000), r=0.109 
16:32:48  ccnEvaluation.src.comparison  INFO       full_kinematic vs motor_only (diagnosis, auc_roc): W=483.0, p=0.1976 (p_corr=0.5929), r=0.211 
16:32:48  ccnEvaluation.src.comparison  INFO       Saved: /srv/beegfs/scratch/shares/schaerm/schaer2/video_sam2_pose/humanLISBET-paper/ccnEvaluation/results_stats_basic/comparison/diagnosis/comparison_results.csv
16:32:48  ccnEvaluation.src.comparison  INFO       embedding vs full_kinematic (ADOS_G_ADOS_2_TOTAL_score_de_severite, rmse): W=372.0, p=0.0097 (p_corr=0.0290), r=0.416 ***
16:32:48  ccnEvaluation.src.comparison  INFO       embedding vs motor_only (ADOS_G_ADOS_2_TOTAL_score_de_severite, rmse): W=474.0, p=0.1162 (p_corr=0.3486), r=0.256 
16:32:48  ccnEvaluation.src.comparison  INFO       full_kinematic vs motor_only (ADOS_G_ADOS_2_TOTAL_score_de_severite, rmse): W=460.0, p=0.0876 (p_corr=0.2628), r=0.278 
16:32:48  ccnEvaluation.src.comparison  INFO       Saved: /srv/beegfs/scratch/shares/schaerm/schaer2/video_sam2_pose/humanLISBET-paper/ccnEvaluation/results_stats_basic/comparison/ADOS_G_ADOS_2_TOTAL_score_de_severite/comparison_results.csv
16:32:48  ccnEvaluation.src.comparison  INFO       embedding vs full_kinematic (ADOS_2_ADOS_G_REVISED_SA_SEVERITY_SCORE, rmse): W=411.0, p=0.0283 (p_corr=0.0848), r=0.355 
16:32:48  ccnEvaluation.src.comparison  INFO       embedding vs motor_only (ADOS_2_ADOS_G_REVISED_SA_SEVERITY_SCORE, rmse): W=409.0, p=0.0268 (p_corr=0.0805), r=0.358 
16:32:48  ccnEvaluation.src.comparison  INFO       full_kinematic vs motor_only (ADOS_2_ADOS_G_REVISED_SA_SEVERITY_SCORE, rmse): W=600.0, p=0.7233 (p_corr=1.0000), r=0.059 
16:32:48  ccnEvaluation.src.comparison  INFO       Saved: /srv/beegfs/scratch/shares/schaerm/schaer2/video_sam2_pose/humanLISBET-paper/ccnEvaluation/results_stats_basic/comparison/ADOS_2_ADOS_G_REVISED_SA_SEVERITY_SCORE/comparison_results.csv
16:32:48  ccnEvaluation.src.comparison  INFO       embedding vs full_kinematic (ADOS_2_ADOS_G_REVISED_RRB_SEVERITY_SCORE_new, rmse): W=256.0, p=0.0001 (p_corr=0.0004), r=0.598 ***
16:32:48  ccnEvaluation.src.comparison  INFO       embedding vs motor_only (ADOS_2_ADOS_G_REVISED_RRB_SEVERITY_SCORE_new, rmse): W=224.0, p=0.0000 (p_corr=0.0001), r=0.649 ***
16:32:48  ccnEvaluation.src.comparison  INFO       full_kinematic vs motor_only (ADOS_2_ADOS_G_REVISED_RRB_SEVERITY_SCORE_new, rmse): W=499.0, p=0.1844 (p_corr=0.5533), r=0.217 
16:32:48  ccnEvaluation.src.comparison  INFO       Saved: /srv/beegfs/scratch/shares/schaerm/schaer2/video_sam2_pose/humanLISBET-paper/ccnEvaluation/results_stats_basic/comparison/ADOS_2_ADOS_G_REVISED_RRB_SEVERITY_SCORE_new/comparison_results.csv
16:32:48  ccnEvaluation.src.comparison  INFO     All comparisons → /srv/beegfs/scratch/shares/schaerm/schaer2/video_sam2_pose/humanLISBET-paper/ccnEvaluation/results_stats_basic/comparison/all_comparison_results.csv
16:32:48  ccnEvaluation         INFO     ═══ Step 6: Plotting ═══
16:32:48  ccnEvaluation.src.plotting  INFO       Saved: cv_metric_boxplots.png + data CSV
16:32:50  ccnEvaluation.src.plotting  INFO       Saved: hyperparameter distribution plots + data CSV
16:32:50  ccnEvaluation.src.plotting  INFO       Saved: roc_curves.png + data CSV
16:32:51  ccnEvaluation.src.plotting  INFO       Saved: confusion_matrices.png + data CSV
16:32:51  ccnEvaluation.src.plotting  INFO       Saved: cv_metric_boxplots.png + data CSV
16:32:53  ccnEvaluation.src.plotting  INFO       Saved: hyperparameter distribution plots + data CSV
16:32:53  ccnEvaluation.src.plotting  INFO       Saved: roc_curves.png + data CSV
16:32:54  ccnEvaluation.src.plotting  INFO       Saved: confusion_matrices.png + data CSV
16:32:54  ccnEvaluation.src.plotting  INFO       Saved: cv_metric_boxplots.png + data CSV
16:32:56  ccnEvaluation.src.plotting  INFO       Saved: hyperparameter distribution plots + data CSV
16:32:57  ccnEvaluation.src.plotting  INFO       Saved: roc_curves.png + data CSV
16:32:57  ccnEvaluation.src.plotting  INFO       Saved: confusion_matrices.png + data CSV
16:32:57  ccnEvaluation.src.plotting  INFO       Saved: representation_comparison.png + data CSV
16:32:58  ccnEvaluation.src.plotting  INFO       Saved: cv_metric_boxplots.png + data CSV
16:32:59  ccnEvaluation.src.plotting  INFO       Saved: hyperparameter distribution plots + data CSV
16:33:00  ccnEvaluation.src.plotting  INFO       Saved: pred_vs_actual plots + data CSV
16:33:01  ccnEvaluation.src.plotting  INFO       Saved: residual plots + data CSV
16:33:02  ccnEvaluation.src.plotting  INFO       Saved: cv_metric_boxplots.png + data CSV
16:33:03  ccnEvaluation.src.plotting  INFO       Saved: hyperparameter distribution plots + data CSV
16:33:04  ccnEvaluation.src.plotting  INFO       Saved: pred_vs_actual plots + data CSV
16:33:05  ccnEvaluation.src.plotting  INFO       Saved: residual plots + data CSV
16:33:06  ccnEvaluation.src.plotting  INFO       Saved: cv_metric_boxplots.png + data CSV
16:33:07  ccnEvaluation.src.plotting  INFO       Saved: hyperparameter distribution plots + data CSV
16:33:08  ccnEvaluation.src.plotting  INFO       Saved: pred_vs_actual plots + data CSV
16:33:09  ccnEvaluation.src.plotting  INFO       Saved: residual plots + data CSV
16:33:09  ccnEvaluation.src.plotting  INFO       Saved: representation_comparison.png + data CSV
16:33:10  ccnEvaluation.src.plotting  INFO       Saved: cv_metric_boxplots.png + data CSV
16:33:12  ccnEvaluation.src.plotting  INFO       Saved: hyperparameter distribution plots + data CSV
16:33:12  ccnEvaluation.src.plotting  INFO       Saved: pred_vs_actual plots + data CSV
16:33:13  ccnEvaluation.src.plotting  INFO       Saved: residual plots + data CSV
16:33:15  ccnEvaluation.src.plotting  INFO       Saved: cv_metric_boxplots.png + data CSV
16:33:16  ccnEvaluation.src.plotting  INFO       Saved: hyperparameter distribution plots + data CSV
16:33:17  ccnEvaluation.src.plotting  INFO       Saved: pred_vs_actual plots + data CSV
16:33:18  ccnEvaluation.src.plotting  INFO       Saved: residual plots + data CSV
16:33:19  ccnEvaluation.src.plotting  INFO       Saved: cv_metric_boxplots.png + data CSV
16:33:20  ccnEvaluation.src.plotting  INFO       Saved: hyperparameter distribution plots + data CSV
16:33:21  ccnEvaluation.src.plotting  INFO       Saved: pred_vs_actual plots + data CSV
16:33:22  ccnEvaluation.src.plotting  INFO       Saved: residual plots + data CSV
16:33:22  ccnEvaluation.src.plotting  INFO       Saved: representation_comparison.png + data CSV
16:33:23  ccnEvaluation.src.plotting  INFO       Saved: cv_metric_boxplots.png + data CSV
16:33:24  ccnEvaluation.src.plotting  INFO       Saved: hyperparameter distribution plots + data CSV
16:33:25  ccnEvaluation.src.plotting  INFO       Saved: pred_vs_actual plots + data CSV
16:33:27  ccnEvaluation.src.plotting  INFO       Saved: residual plots + data CSV
16:33:27  ccnEvaluation.src.plotting  INFO       Saved: cv_metric_boxplots.png + data CSV
16:33:29  ccnEvaluation.src.plotting  INFO       Saved: hyperparameter distribution plots + data CSV
16:33:30  ccnEvaluation.src.plotting  INFO       Saved: pred_vs_actual plots + data CSV
16:33:34  ccnEvaluation.src.plotting  INFO       Saved: residual plots + data CSV
16:33:35  ccnEvaluation.src.plotting  INFO       Saved: cv_metric_boxplots.png + data CSV
16:33:37  ccnEvaluation.src.plotting  INFO       Saved: hyperparameter distribution plots + data CSV
16:33:37  ccnEvaluation.src.plotting  INFO       Saved: pred_vs_actual plots + data CSV
16:33:39  ccnEvaluation.src.plotting  INFO       Saved: residual plots + data CSV
16:33:39  ccnEvaluation.src.plotting  INFO       Saved: representation_comparison.png + data CSV
16:33:40  ccnEvaluation.src.plotting  INFO       Saved: held_out_summary_classification.png + data CSV
16:33:41  ccnEvaluation.src.plotting  INFO       Saved: held_out_summary_regression.png + data CSV
16:33:41  ccnEvaluation         INFO     ═══ Step 7: SHAP — computed inside held-out evaluation ═══
16:33:41  ccnEvaluation         INFO     Pipeline completed in 1542.2 s (25.7 min)
SLURM job 7264749 task 0 finished with exit code 0
